git diff

git diff -stage -

git log

git log --graph --oneline --decorate

-- alias a string of git commands --- 
git config --global alias.lol  "log --graph --oneline --decorate --all"
git lol
 	

-- no .bak files
.gitignore 
-- which contains
*.bak
--- tree --- 
C:\Users\rockvillegirl\oscon>tree .git/refs
Folder PATH listing
Volume serial number is 9A0B-8ED3
C:\USERS\rockvillegirl\OSCON\.GIT\REFS
+---heads
+---tags
--ure--   feat
C:\Users\rockvillegirl\oscon>git branch
* master

C:\Users\rockvillegirl\oscon>git branch feature

C:\Users\rockvillegirl\oscon>git add .

C:\Users\rockvillegirl\oscon>git commit -m "Marc Anthony"
[feature 5bea333] Marc Anthony
 1 file changed, 2 insertions(+)

C:\Users\rockvillegirl\oscon>git lol
* 5bea333 (HEAD, feature) Marc Anthony
| * 46b41d5 (master) Beg voice
|/
* 62b4c42 more notes from this session
* 6a3543a notes from this session
* f2fe728 more lines added

--- delete feature
git branch -d feature
git branch -a

-- merge ?
bea
git rmeote add origin https://github.com/githubteacher/oscon-workshop.gi
git push -u origin master


-- clone from git hum


C:\Users\rockvillegirl\oscon>git clone https://github.com/rockvillegirl/oscon
-workshop.git
Cloning into 'oscon-workshop'...
remote: Counting objects: 50, done.
remote: Compressing objects: 100% (27/27), done.
remote: Total 50 (delta 18), reused 50 (delta 18)
Unpacking objects: 100% (50/50), done.

C:\Users\rockvillegirl\oscon>ls
GitNotesOscon.bak  caesar.bak  oscon
GitNotesOscon.txt  caesar.txt  oscon-workshop


C:\Users\rockvillegirl\oscon>git clone https://github.com/rockvillegirl/oscon-workshop.git
Cloning into 'oscon-workshop'...
remote: Counting objects: 50, done.
remote: Compressing objects: 100% (27/27), done.
remote: Total 50 (delta 18), reused 50 (delta 18)
Unpacking objects: 100% (50/50), done.

C:\Users\rockvillegirl\oscon>ls
GitNotesOscon.bak  caesar.bak  oscon
GitNotesOscon.txt  caesar.txt  oscon-workshop

------- 


C:\Users\Sharon Belliveau\oscon\oscon-workshop>git push
warning: push.default is unset; its implicit value is changing in
Git 2.0 from 'matching' to 'simple'. To squelch this message
and maintain the current behavior after the default changes, use:

  git config --global push.default matching

To squelch this message and adopt the new behavior now, use:

  git config --global push.default simple

See 'git help config' and search for 'push.default' for further information.
(the 'simple' mode was introduced in Git 1.7.11. Use the similar mode
'current' instead of 'simple' if you sometimes use older versions of Git)

Username for 'https://github.com': rockvillegirl
Password for 'https://rockvillegirl@github.com':
Counting objects: 5, done.
Delta compression using up to 2 threads.
Compressing objects: 100% (4/4), done.
Writing objects: 100% (4/4), 1.21 KiB | 0 bytes/s, done.
Total 4 (delta 1), reused 0 (delta 0)
To https://github.com/rockvillegirl/oscon-workshop.git
   64a0b57..5e85d80  master -> master


---- 
fork vs branch ???
https://help.github.com/articles/fork-a-repo

https://help.github.com/articles/setting-the-default-branch

































































